current directory: /shopify-prep-project/backend/vendor/bundle/ruby/3.2.0/gems/psych-5.4.0/ext/psych
/usr/bin/ruby3.2 -I/usr/lib/ruby/vendor_ruby extconf.rb
creating Makefile

current directory: /shopify-prep-project/backend/vendor/bundle/ruby/3.2.0/gems/psych-5.4.0/ext/psych
make DESTDIR\= sitearchdir\=./.gem.20260604-3956-co4rtk sitelibdir\=./.gem.20260604-3956-co4rtk clean
cd libyaml && make clean
/bin/sh: 1: cd: can't cd to libyaml
make: [Makefile:283: clean-so] Error 2 (ignored)

current directory: /shopify-prep-project/backend/vendor/bundle/ruby/3.2.0/gems/psych-5.4.0/ext/psych
make DESTDIR\= sitearchdir\=./.gem.20260604-3956-co4rtk sitelibdir\=./.gem.20260604-3956-co4rtk
compiling psych.c
compiling psych_emitter.c
compiling psych_parser.c
compiling psych_to_ruby.c
compiling psych_yaml_tree.c
linking shared-object psych.so

current directory: /shopify-prep-project/backend/vendor/bundle/ruby/3.2.0/gems/psych-5.4.0/ext/psych
make DESTDIR\= sitearchdir\=./.gem.20260604-3956-co4rtk sitelibdir\=./.gem.20260604-3956-co4rtk install
/usr/bin/install -c -m 0755 psych.so ./.gem.20260604-3956-co4rtk

current directory: /shopify-prep-project/backend/vendor/bundle/ruby/3.2.0/gems/psych-5.4.0/ext/psych
make DESTDIR\= sitearchdir\=./.gem.20260604-3956-co4rtk sitelibdir\=./.gem.20260604-3956-co4rtk clean
cd libyaml && make clean
/bin/sh: 1: cd: can't cd to libyaml
make: [Makefile:283: clean-so] Error 2 (ignored)
